
> my-app@0.1.0 build
> next build

Γû▓ Next.js 16.2.1 (Turbopack)
- Environments: .env.local

  Creating an optimized production build ...
node.exe : Turbopack build encountered 1 warnings:
At line:1 char:1
+ & "C:\Program Files\nodejs\satya.js/node.exe" "C:\Program Files\nodej ...
+ ~~~~~~~~~~~~~~~~~~~~~~~~~~~~~~~~~~~~~~~~~~~~~~~~~~~~~~~~~~~~~~~~~~~~~
    + CategoryInfo          : NotSpecified: (Turbopack build encountered 1 war 
   nings::String) [], RemoteException
    + FullyQualifiedErrorId : NativeCommandError
 
./next.config.ts
Encountered unexpected file in NFT list
A file was traced that indicates that the whole project was traced 
unintentionally. Somewhere in the import trace below, there are:
- filesystem operations (like path.join, path.resolve or fs.readFile), or
- very dynamic requires (like require('./' + foo)).
To resolve this, you can
- remove them if possible, or
- only use them in development, or
- make sure they are statically scoped to some subfolder: 
path.join(process.cwd(), 'data', bar), or
- add ignore comments: path.join(/*turbopackIgnore: true*/ process.cwd(), bar)

Import trace:
  App Route:
    ./next.config.ts
    ./src/judge/dockerExecutor.ts
    ./src/judge/evaluator.ts
    ./src/app/api/run/route.ts



> Build error occurred
Error: Turbopack build failed with 1 errors:
./src/app/api/questions/route.ts:60:10
Expected ';', got '='
  [90m58 |[0m   overallCount: number | [36mnull[0m;
  [90m59 |[0m   lastSyncAt: string | [36mnull[0m;
[31m[1m>[0m [90m60 |[0m } | [36mnull[0m = [36mnull[0m;
  [90m   |[0m          [31m[1m^[0m
  [90m61 |[0m
  [90m62 |[0m [36mlet[0m inFlightQuestionsBundle: 
[33mPromise[0m<[33mQuestionsBundle[0m> | [36mnull[0m = [36mnull[0m;
  [90m63 |[0m [36mlet[0m cachedQuestionsBundle: { expiresAt: number; 
value: [33mQuestionsBundle[0m } | [36mnull[0m = [36mnull[0m;

Parsing ecmascript source code failed

Import trace:
  App Route:
    ./src/app/api/questions/route.ts
    ./src/judge/dockerExecutor.ts
    ./src/judge/evaluator.ts
    ./src/app/api/run/route.ts


    at <unknown> (./src/app/api/questions/route.ts:60:10)
